Hello from VB6!
Line 2
