C3: Compilation failed (exit code 2)
=== MSVC Output ===
用于 x86 的 Microsoft (R) C/C++ 优化编译器 19.44.35223 版
版权所有(C) Microsoft Corporation。保留所有权利。

Form1.c
C:\Users\woeoi\.local\state\TeleAgent\powershell-temp\C3C\115988191273600\rtl\vb6com.h(168): warning C4028: 形参 2 与声明不一致
C:\Users\woeoi\.local\state\TeleAgent\powershell-temp\C3C\115988191273600/Form1.c(72): warning C4101: “vb6_local_err_jmp”: 未引用的局部变量
C:\Users\woeoi\.local\state\TeleAgent\powershell-temp\C3C\115988191273600/Form1.c(106): warning C4047: “函数”:“vb6_SafeArray1D *”与“uint8_t”的间接级别不同
C:\Users\woeoi\.local\state\TeleAgent\powershell-temp\C3C\115988191273600/Form1.c(106): warning C4024: “vb6_UBound”: 形参和实参 1 的类型不同
C:\Users\woeoi\.local\state\TeleAgent\powershell-temp\C3C\115988191273600/Form1.c(111): error C2065: “vb6_hwnd_tmrTimeout”: 未声明的标识符
C:\Users\woeoi\.local\state\TeleAgent\powershell-temp\C3C\115988191273600/Form1.c(111): warning C4022: “vb6_SetTimerEnabled”: 指针与实参 1 不匹配
C:\Users\woeoi\.local\state\TeleAgent\powershell-temp\C3C\115988191273600/Form1.c(120): error C2065: “vb6_hwnd_tmrTimeout”: 未声明的标识符
C:\Users\woeoi\.local\state\TeleAgent\powershell-temp\C3C\115988191273600/Form1.c(120): warning C4022: “vb6_SetTimerEnabled”: 指针与实参 1 不匹配
C:\Users\woeoi\.local\state\TeleAgent\powershell-temp\C3C\115988191273600/Form1.c(129): error C2065: “vb6_hwnd_tmrTimeout”: 未声明的标识符
C:\Users\woeoi\.local\state\TeleAgent\powershell-temp\C3C\115988191273600/Form1.c(129): warning C4022: “vb6_SetTimerEnabled”: 指针与实参 1 不匹配
C:\Users\woeoi\.local\state\TeleAgent\powershell-temp\C3C\115988191273600/Form1.c(138): error C2065: “vb6_hwnd_tmrTimeout”: 未声明的标识符
C:\Users\woeoi\.local\state\TeleAgent\powershell-temp\C3C\115988191273600/Form1.c(138): warning C4022: “vb6_SetTimerEnabled”: 指针与实参 1 不匹配

=== C3 Diagnostics (linking) ===
(1,1): warning VB4001: TypeLib not found for ProgID: ADODB.Connection
(1,1): warning VB4001: TypeLib not found for ProgID: Excel.Application
(1,1): warning VB4001: TypeLib not found for ProgID: Word.Application
